[
  {
    "frame": 1,
    "annotations": []
  },
  {
    "frame": 2,
    "annotations": []
  },
  {
    "frame": 3,
    "annotations": [
      {
        "instanceId": 0,
        "type": "polygon",
        "className": "Ball",
        "classId": 1566620,
        "points": [
          680.57,
          364.6,
          673.09,
          363.17,
          666.72,
          364.05,
          662.54,
          368.89,
          662.1,
          372.19,
          662.21,
          375.71,
          666.06,
          380.44,
          671.45,
          383.19,
          680.9,
          382.86,
          685.74,
          380.66,
          687.61,
          376.04,
          687.5,
          370.65,
          684.97,
          366.47
        ],
        "attributes": [
          {
            "id": 2692752,
            "groupId": 686902,
            "name": "1",
            "groupName": "id"
          },
          {
            "id": 2692780,
            "groupId": 686904,
            "name": "true",
            "groupName": "ball_blur"
          },
          {
            "id": 2692843,
            "groupId": 686915,
            "name": "grass",
            "groupName": "background"
          }
        ],
        "keyframe": true
      }
    ]
  },
  {
    "frame": 4,
    "annotations": [
      {
        "instanceId": 0,
        "type": "polygon",
        "className": "Ball",
        "classId": 1566620,
        "points": [
          673.18,
          362.78,
          665.7,
          361.35,
          659.33,
          362.23,
          655.15,
          367.07,
          654.71,
          370.37,
          654.82,
          373.89,
          658.67,
          378.62,
          664.06,
          381.37,
          673.51,
          381.04,
          678.35,
          378.84,
          680.22,
          374.22,
          680.11,
          368.83,
          677.58,
          364.65
        ],
        "attributes": [
          {
            "id": 2692752,
            "groupId": 686902,
            "name": "1",
            "groupName": "id"
          },
          {
            "id": 2692780,
            "groupId": 686904,
            "name": "true",
            "groupName": "ball_blur"
          },
          {
            "id": 2692843,
            "groupId": 686915,
            "name": "grass",
            "groupName": "background"
          }
        ],
        "keyframe": true
      }
    ]
  },
  {
    "frame": 5,
    "annotations": [
      {
        "instanceId": 0,
        "type": "polygon",
        "className": "Ball",
        "classId": 1566620,
        "points": [
          665.55,
          362.2,
          658.07,
          360.77,
          651.7,
          361.65,
          647.52,
          366.49,
          647.08,
          369.79,
          647.89,
          373.18,
          651.08,
          377.14,
          656.57,
          380.21,
          663.5,
          379.53,
          668.99,
          378.19,
          671.66,
          374.35,
          671.96,
          369.47,
          669.6,
          365.11
        ],
        "attributes": [
          {
            "id": 2692752,
            "groupId": 686902,
            "name": "1",
            "groupName": "id"
          },
          {
            "id": 2692780,
            "groupId": 686904,
            "name": "true",
            "groupName": "ball_blur"
          },
          {
            "id": 2692843,
            "groupId": 686915,
            "name": "grass",
            "groupName": "background"
          }
        ],
        "keyframe": true
      },
      {
        "instanceId": 2,
        "type": "polygon",
        "className": "Occlusion",
        "classId": 1566621,
        "points": [
          654.26,
          357.05,
          654.85,
          361.75,
          651.91,
          366.86,
          651.41,
          370.38,
          652.58,
          371.47,
          655.68,
          370.29,
          659.04,
          365.18,
          662.39,
          361.41,
          662.39,
          358.9,
          661.13,
          357.56
        ],
        "attributes": [
          {
            "id": 2692782,
            "groupId": 686905,
            "name": "1",
            "groupName": "id"
          },
          {
            "id": 2692805,
            "groupId": 686909,
            "name": "true",
            "groupName": "1 frame"
          }
        ],
        "keyframe": true
      }
    ]
  }
]